// Jest Snapshot v1, https://goo.gl/fbAQLP

exports[`should rest AuthProvider should test useReducer hook and go to public routes 1`] = `
<div>
  <div
    className="mt-5 card form-container card"
  >
    <div
      className="form-header text-center"
    >
      <img
        alt="cidenet"
        className="img-cidenet"
        src="https://res.cloudinary.com/crunchbase-production/image/upload/c_lpad,h_256,w_256,f_auto,q_auto:eco,dpr_1/ltgilmylvmrd2mnrsjem"
      />
    </div>
    <div
      className="card-body"
    >
      <form
        onSubmit={[Function]}
      >
        <div
          className="mb-4"
        >
          <label
            className="form-label"
            htmlFor="exampleInputEmail1"
          >
            Email
          </label>
          <input
            aria-describedby="emailHelp"
            className="form-control"
            id="exampleInputEmail1"
            name="email"
            onChange={[Function]}
            type="email"
          />
        </div>
        <div
          className="mb-4"
        >
          <label
            className="form-label"
            htmlFor="exampleInputPassword1"
          >
            Contrase√±a
          </label>
          <input
            className="form-control"
            id="exampleInputPassword1"
            name="password"
            onChange={[Function]}
            type="password"
          />
        </div>
        <div
          className="text-center"
        >
          <button
            className="btn btn-primary mb-2"
            disabled={true}
            type="submit"
          >
            <span
              style={
                Object {
                  "marginRight": "7px",
                }
              }
            >
              <i
                className="fa-solid fa-arrow-right-to-bracket"
              />
            </span>
            Ingresar
          </button>
        </div>
      </form>
    </div>
  </div>
</div>
`;
