// Jest Snapshot v1, https://goo.gl/fbAQLP

exports[`should test NavBar component should test BookingsPage 1`] = `
<div>
  BookingsPage
</div>
`;
