// Jest Snapshot v1, https://goo.gl/fbAQLP

exports[`should test NavBar component should test SchedulingPage 1`] = `
<div>
  Page
</div>
`;
