// Jest Snapshot v1, https://goo.gl/fbAQLP

exports[`should test NavBar component should test StatsPage 1`] = `
<div>
  StatsPage
</div>
`;
